Initialized native services in: C:\Users\Quencher\.gradle\native
Initialized jansi services in: C:\Users\Quencher\.gradle\native
Received JVM installation metadata from 'C:\Program Files\Eclipse Adoptium\jdk-17.0.18.8-hotspot': {JAVA_HOME=C:\Program Files\Eclipse Adoptium\jdk-17.0.18.8-hotspot, JAVA_VERSION=17.0.18, JAVA_VENDOR=Eclipse Adoptium, RUNTIME_NAME=OpenJDK Runtime Environment, RUNTIME_VERSION=17.0.18+8, VM_NAME=OpenJDK 64-Bit Server VM, VM_VERSION=17.0.18+8, VM_VENDOR=Eclipse Adoptium, OS_ARCH=amd64}
Found daemon DaemonInfo{pid=17924, address=[9e86662b-980c-4cf8-8287-99c662266de7 port:63025, addresses:[/127.0.0.1]], state=Idle, lastBusy=1772279977630, context=DefaultDaemonContext[uid=649968c2-6fee-4989-af52-fe22383946d3,javaHome=C:\Users\Quencher\.antigravity\extensions\redhat.java-1.52.0-win32-x64\jre\21.0.9-win32-x86_64,daemonRegistryDir=C:\Users\Quencher\.gradle\daemon,pid=17924,idleTimeout=10800000,priority=NORMAL,applyInstrumentationAgent=true,daemonOpts=-XX:MaxMetaspaceSize=1g,-XX:+HeapDumpOnOutOfMemoryError,--add-opens=java.base/java.util=ALL-UNNAMED,--add-opens=java.base/java.lang=ALL-UNNAMED,--add-opens=java.base/java.lang.invoke=ALL-UNNAMED,--add-opens=java.prefs/java.util.prefs=ALL-UNNAMED,--add-opens=java.base/java.nio.charset=ALL-UNNAMED,--add-opens=java.base/java.net=ALL-UNNAMED,--add-opens=java.base/java.util.concurrent.atomic=ALL-UNNAMED,-Xmx4g,-Dfile.encoding=UTF-8,-Duser.country=US,-Duser.language=en,-Duser.variant]} however its context does not match the desired criteria.
Java home is different.
Wanted: DefaultDaemonContext[uid=null,javaHome=C:\Program Files\Eclipse Adoptium\jdk-17.0.18.8-hotspot,daemonRegistryDir=C:\Users\Quencher\.gradle\daemon,pid=6084,idleTimeout=null,priority=NORMAL,applyInstrumentationAgent=true,daemonOpts=-XX:MaxMetaspaceSize=1g,-XX:+HeapDumpOnOutOfMemoryError,--add-opens=java.base/java.util=ALL-UNNAMED,--add-opens=java.base/java.lang=ALL-UNNAMED,--add-opens=java.base/java.lang.invoke=ALL-UNNAMED,--add-opens=java.prefs/java.util.prefs=ALL-UNNAMED,--add-opens=java.base/java.nio.charset=ALL-UNNAMED,--add-opens=java.base/java.net=ALL-UNNAMED,--add-opens=java.base/java.util.concurrent.atomic=ALL-UNNAMED,-Xmx4g,-Dfile.encoding=UTF-8,-Duser.country=US,-Duser.language=en,-Duser.variant]
Actual: DefaultDaemonContext[uid=649968c2-6fee-4989-af52-fe22383946d3,javaHome=C:\Users\Quencher\.antigravity\extensions\redhat.java-1.52.0-win32-x64\jre\21.0.9-win32-x86_64,daemonRegistryDir=C:\Users\Quencher\.gradle\daemon,pid=17924,idleTimeout=10800000,priority=NORMAL,applyInstrumentationAgent=true,daemonOpts=-XX:MaxMetaspaceSize=1g,-XX:+HeapDumpOnOutOfMemoryError,--add-opens=java.base/java.util=ALL-UNNAMED,--add-opens=java.base/java.lang=ALL-UNNAMED,--add-opens=java.base/java.lang.invoke=ALL-UNNAMED,--add-opens=java.prefs/java.util.prefs=ALL-UNNAMED,--add-opens=java.base/java.nio.charset=ALL-UNNAMED,--add-opens=java.base/java.net=ALL-UNNAMED,--add-opens=java.base/java.util.concurrent.atomic=ALL-UNNAMED,-Xmx4g,-Dfile.encoding=UTF-8,-Duser.country=US,-Duser.language=en,-Duser.variant]

  Looking for a different daemon...
The client will now receive all logging from the daemon (pid: 7380). The daemon log file: C:\Users\Quencher\.gradle\daemon\8.5\daemon-7380.out.log
Starting 5th build in daemon [uptime: 35 mins 29.051 secs, performance: 100%, GC rate: 0.00/s, heap usage: 0% of 4 GiB, non-heap usage: 15% of 1 GiB]
Using 16 worker leases.
Now considering [C:\Users\Quencher\.gemini\antigravity\scratch\sovereign-repos\Project-AI] as hierarchies to watch
Watching the file system is configured to be enabled
File system watching is active
Starting Build
???????????????????????????????????????????????????????????????????????????
THIRSTY'S GRADLE SETTINGS - Monolithic Build System Initialized
Root Project: Project-AI
Build Cache: Enabled (30 day retention)
???????????????????????????????????????????????????????????????????????????
Settings evaluated using settings file 'C:\Users\Quencher\.gemini\antigravity\scratch\sovereign-repos\Project-AI\settings.gradle.kts'.
Using local directory build cache for the root build (location = C:\Users\Quencher\.gemini\antigravity\scratch\sovereign-repos\Project-AI\.gradle\build-cache, removeUnusedEntriesAfter = 30 days).
Duplicate entry for alias 'node.gradle': dependency {group='com.github.node-gradle', name='gradle-node-plugin', version='7.0.1'} is replaced with org.gradle.internal.lazy.UnsafeLazy@1e3dff17
Duplicate entry for alias 'hilt.gradle': dependency {group='com.google.dagger', name='hilt-android-gradle-plugin', version='2.50'} is replaced with org.gradle.internal.lazy.UnsafeLazy@1e3dff17
Duplicate entry for alias 'kotlin.gradle': dependency {group='org.jetbrains.kotlin', name='kotlin-gradle-plugin', version='1.9.22'} is replaced with org.gradle.internal.lazy.UnsafeLazy@1e3dff17
Duplicate entry for alias 'android.gradle': dependency {group='com.android.tools.build', name='gradle', version='8.2.1'} is replaced with org.gradle.internal.lazy.UnsafeLazy@1e3dff17
Skipping generation of dependency accessors for libs as it is up-to-date.
Type-safe project accessors is an incubating feature.
Skipping generation of project accessors as it is up-to-date.
Projects loaded. Root project using build file 'C:\Users\Quencher\.gemini\antigravity\scratch\sovereign-repos\Project-AI\build.gradle.kts'.
Included projects: [root project 'Project-AI', project ':app']

> Configure project :
Evaluating root project 'Project-AI' using build file 'C:\Users\Quencher\.gemini\antigravity\scratch\sovereign-repos\Project-AI\build.gradle.kts'.
Build cache key for Kotlin DSL accessors for root project 'Project-AI' is 7d082687b1d3dd5a8a6d941854b48c13
Skipping Kotlin DSL accessors for root project 'Project-AI' as it is up-to-date.
???????????????????????????????????????????????????????????
THIRSTY'S GRADLE - God Tier Build Orchestration
???????????????????????????????????????????????????????????
Project: Project-AI
Version: 1.0.0
Build Time: 2026-02-28T06:33:45.1593831
CI Mode: false
Discovered Modules: 9
  ò android
  ò app
  ò desktop
  ò engines
  ò kernel
  ò python-api
  ò python-app
  ò tarl
  ò web-backend
???????????????????????????????????????????????????????????

> Configure project :app
Evaluating project ':app' using build file 'C:\Users\Quencher\.gemini\antigravity\scratch\sovereign-repos\Project-AI\android\app\build.gradle'.
Using default execution profile
Using Kotlin Gradle Plugin gradle82 variant
Parsed shrinker version: 8.2.42
All projects evaluated.
Task name matched 'help'
Selected primary task 'help' from project :
Tasks to be executed: [task ':help']
Tasks that were excluded: []
Resolve mutations for :help (Thread[Execution worker,5,main]) started.
:help (Thread[Execution worker,5,main]) started.

> Task :help
Caching disabled for task ':help' because:
  Produces only non-cacheable console output
Task ':help' is not up-to-date because:
  Task has not declared any outputs despite executing actions.

Welcome to Gradle 8.5.

To run a build, run gradlew <task> ...

To see a list of available tasks, run gradlew tasks

To see more detail about a task, run gradlew help --task <task>

To see a list of command-line options, run gradlew --help

For more detail on using Gradle, see https://docs.gradle.org/8.5/userguide/command_line_interface.html

For troubleshooting, visit https://help.gradle.org

BUILD SUCCESSFUL in 9s
1 actionable task: 1 executed
Watched directory hierarchies: [C:\Users\Quencher\.gemini\antigravity\scratch\sovereign-repos\Project-AI]
